// Jest Snapshot v1, https://goo.gl/fbAQLP

exports[`renders without crashing 1`] = `
Array [
  <button
    className="d-lg-none navbar-toggler"
    data-sidebar-toggler={true}
    onClick={[Function]}
    type="button"
  >
    <span
      className="navbar-toggler-icon"
    />
  </button>,
  <a
    className="active navbar-brand"
    full={
      Object {
        "alt": "eDoxa Logo",
        "height": 30,
        "src": "logo.png",
        "width": 85,
      }
    }
    href="/"
    minimized={
      Object {
        "alt": "eDoxa Logo",
        "height": 30,
        "src": "sygnet.png",
        "width": 30,
      }
    }
    onClick={[Function]}
    style={Object {}}
  >
    <img
      alt="eDoxa Logo"
      className="navbar-brand-full"
      height={30}
      src="logo.png"
      width={85}
    />
    <img
      alt="eDoxa Logo"
      className="navbar-brand-minimized"
      height={30}
      src="sygnet.png"
      width={30}
    />
  </a>,
  <button
    className="d-md-down-none navbar-toggler"
    data-sidebar-toggler={true}
    hidden={true}
    onClick={[Function]}
    type="button"
  >
    <span
      className="navbar-toggler-icon"
    />
  </button>,
  <ul
    className="ml-auto mr-3 navbar-nav"
  >
    <a
      aria-label={null}
      className="mr-2 btn btn-link btn-sm"
      href="/authentication/login"
      onClick={[Function]}
    >
      Login
    </a>
    <a
      aria-label={null}
      className="btn btn-outline-primary btn-sm"
      href="/authentication/register"
      onClick={[Function]}
    >
      Register
    </a>
  </ul>,
  <button
    className="d-md-down-none navbar-toggler"
    hidden={true}
    onClick={[Function]}
    type="button"
  >
    <span
      className="navbar-toggler-icon"
    />
  </button>,
]
`;
