// Jest Snapshot v1, https://goo.gl/fbAQLP

exports[`renders correctly 1`] = `
<form
  className=""
  onSubmit={[Function]}
>
  <input
    className="form-control-sm form-control"
    disabled={true}
    name="clanId"
    type="text"
    value=""
  />
  <input
    className="form-control-sm form-control"
    disabled={true}
    name="memberId"
    type="text"
    value=""
  />
  <button
    aria-label={null}
    className="btn btn-info btn-sm"
    onClick={[Function]}
    style={
      Object {
        "width": "50px",
      }
    }
    type="submit"
  >
    Kick
  </button>
</form>
`;
