// Jest Snapshot v1, https://goo.gl/fbAQLP

exports[`renders correctly 1`] = `
<form
  className=""
  onSubmit={[Function]}
>
  <div
    className="form-group"
  >
    <label
      className=""
    >
      Summoner name
    </label>
    <input
      className="form-control-sm form-control"
      name="summonerName"
      onBlur={[Function]}
      onChange={[Function]}
      onDragStart={[Function]}
      onDrop={[Function]}
      onFocus={[Function]}
      placeholder={null}
      type="text"
      value=""
    />
    <div
      className="invalid-feedback"
    />
  </div>
  <div
    className="form-group"
  >
    <label
      className=""
    >
      Region
    </label>
    <input
      className="form-control-sm form-control"
      disabled={true}
      name="region"
      onBlur={[Function]}
      onChange={[Function]}
      onDragStart={[Function]}
      onDrop={[Function]}
      onFocus={[Function]}
      type="text"
      value=""
    />
  </div>
  <p
    className="text-primary"
  >
    <strong>
      SMURF ACCOUNTS ARE NOT ALLOWED ON EDOXA.GG, IF CAUGHT, IT'S AN INSTANT BAN WITH NO REFUNDS!
    </strong>
  </p>
  <button
    aria-label={null}
    className="w-25 btn btn-primary"
    disabled={null}
    onClick={[Function]}
    type="submit"
  >
    Search
  </button>
</form>
`;
