// Jest Snapshot v1, https://goo.gl/fbAQLP

exports[`renders without crashing 1`] = `
<div
  className="p-0 border border-dark d-flex card-body"
>
  <div
    className="pl-3 py-2 text-center"
    style={
      Object {
        "width": "50px",
      }
    }
  >
    <span
      className="w-100 badge badge-secondary"
    >
      1
    </span>
  </div>
  <div
    className="px-3 py-2"
    style={
      Object {
        "width": "350px",
      }
    }
  >
    <time
      dateTime={"1970-01-01T00:00:00.000Z"}
    >
      Dec 31, 1969 7:00 PM
    </time>
  </div>
  <div
    className="py-2 text-center mx-auto"
    onClick={[Function]}
  >
    <span
      className="badge badge-secondary"
    >
      View details
    </span>
  </div>
  <div
    className="bg-secondary px-3 py-2 text-center ml-5"
    style={
      Object {
        "width": "125px",
      }
    }
  >
    <span>
      <span>
        20.00
      </span>
    </span>
  </div>
</div>
`;
