// Jest Snapshot v1, https://goo.gl/fbAQLP

exports[`renders without crashing 1`] = `
Array [
  <h5
    className="text-uppercase my-4"
  >
    PROFILE OVERVIEW
  </h5>,
  <div
    className="card-accent-primary my-4 card"
  >
    <div
      className="d-flex card-header"
    >
      <strong
        className="text-uppercase my-auto"
      >
        DOXATAG
      </strong>
    </div>
    <div
      className="card-body"
    >
      <dl
        className="row mb-0"
      >
        <dd
          className="col-sm-3 mb-0 text-muted"
        >
          DoxaTag
        </dd>
        <dd
          className="col-sm-5 mb-0"
        >
          <span>
            League of legends
            #
            1234
          </span>
        </dd>
      </dl>
    </div>
  </div>,
]
`;
