// Jest Snapshot v1, https://goo.gl/fbAQLP

exports[`renders correctly 1`] = `
<form
  className="mt-3"
  onSubmit={[Function]}
>
  <div
    className="mb-0 form-group"
  >
    <input
      className="form-control-sm form-control"
      disabled={true}
      name="clanId"
      type="hidden"
      value=""
    />
    <button
      aria-label={null}
      className="btn btn-info btn-sm"
      onClick={[Function]}
      style={
        Object {
          "width": "50px",
        }
      }
      type="submit"
    >
      Leave Clan
    </button>
  </div>
</form>
`;
