// Jest Snapshot v1, https://goo.gl/fbAQLP

exports[`renders without crashing 1`] = `
<div
  className="d-flex flex-column position-relative"
  style={
    Object {
      "right": "50px",
    }
  }
>
  <span
    className="btn bg-gray-900 mt-2 btn-sm rounded-0"
    style={
      Object {
        "width": "150px",
      }
    }
  >
    <strong
      className="text-uppercase"
    >
      Timeline
    </strong>
  </span>
  <span
    className="btn bg-secondary btn-sm text-light mt-2 rounded-0"
    style={
      Object {
        "width": "150px",
      }
    }
    title="Inscription"
  >
    <time
      dateTime={"+051830-07-11T06:22:48.000Z"}
    >
      Jul 11, 51830 2:22 AM
    </time>
  </span>
  <span
    className="btn bg-secondary btn-sm text-light mt-2 rounded-0"
    style={
      Object {
        "width": "150px",
      }
    }
    title="Started"
  >
    <span>
      ...
    </span>
  </span>
  <span
    className="btn bg-secondary btn-sm text-light mt-2 rounded-0"
    style={
      Object {
        "width": "150px",
      }
    }
    title="Ended"
  >
    <span>
      ...
    </span>
  </span>
  <span
    className="btn bg-secondary btn-sm text-light mt-2 rounded-0"
    style={
      Object {
        "width": "150px",
      }
    }
    title="Closed"
  >
    <span>
      ...
    </span>
  </span>
</div>
`;
