// Jest Snapshot v1, https://goo.gl/fbAQLP

exports[`renders correctly 1`] = `
<div
  className="mx-4 card"
>
  <div
    className="p-4 card-body"
  >
    <h1
      className="mb-3"
    >
      Reset password
    </h1>
    <form
      className=""
      onSubmit={[Function]}
    >
      <input
        className="form-control-sm form-control"
        name="code"
        onBlur={[Function]}
        onChange={[Function]}
        onDragStart={[Function]}
        onDrop={[Function]}
        onFocus={[Function]}
        placeholder={null}
        type="hidden"
        value=""
      />
      <div
        className="invalid-feedback"
      />
      <input
        className="form-control-sm form-control"
        name="userId"
        onBlur={[Function]}
        onChange={[Function]}
        onDragStart={[Function]}
        onDrop={[Function]}
        onFocus={[Function]}
        placeholder={null}
        type="hidden"
        value=""
      />
      <div
        className="invalid-feedback"
      />
      <div
        className="mb-3 input-group input-group-sm"
      >
        <div
          className="input-group-prepend"
        >
          <span
            className="input-group-text"
          >
            <i
              className="icon-lock"
            />
          </span>
        </div>
        <input
          autoComplete="password"
          className="form-control-sm form-control"
          disabled={false}
          name="password"
          onBlur={[Function]}
          onChange={[Function]}
          onDragStart={[Function]}
          onDrop={[Function]}
          onFocus={[Function]}
          placeholder="New password"
          type="password"
          value=""
        />
        <div
          className="invalid-feedback"
        >
          Password is required
        </div>
      </div>
      <div
        className="mb-3 input-group input-group-sm"
      >
        <div
          className="input-group-prepend"
        >
          <span
            className="input-group-text"
          >
            <i
              className="icon-lock"
            />
          </span>
        </div>
        <input
          autoComplete="new-password"
          className="form-control-sm form-control"
          disabled={false}
          name="newPassword"
          onBlur={[Function]}
          onChange={[Function]}
          onDragStart={[Function]}
          onDrop={[Function]}
          onFocus={[Function]}
          placeholder="Confirm new password"
          type="password"
          value=""
        />
        <div
          className="invalid-feedback"
        />
      </div>
      <div
        className="mb-0 form-group"
      >
        <button
          aria-label={null}
          className="btn btn-primary btn-block"
          disabled={null}
          onClick={[Function]}
          type="submit"
        >
          Reset
        </button>
      </div>
    </form>
  </div>
</div>
`;
