// Jest Snapshot v1, https://goo.gl/fbAQLP

exports[`renders without crashing 1`] = `
<form>
  <select
    className="form-control-sm form-control"
    disabled={false}
    name="country"
    onBlur={[Function]}
    onChange={[Function]}
    onDragStart={[Function]}
    onDrop={[Function]}
    onFocus={[Function]}
    value=""
  >
    <option
      value="CA"
    >
      Canada
    </option>
    <option
      value="US"
    >
      United States
    </option>
  </select>
</form>
`;
