// Jest Snapshot v1, https://goo.gl/fbAQLP

exports[`renders without crashing 1`] = `
<form>
  <select
    className="form-control-sm form-control"
    disabled={false}
    name="month"
    onBlur={[Function]}
    onChange={[Function]}
    onDragStart={[Function]}
    onDrop={[Function]}
    onFocus={[Function]}
    value=""
  >
    <option
      value={1}
    >
      1
    </option>
    <option
      value={2}
    >
      2
    </option>
    <option
      value={3}
    >
      3
    </option>
    <option
      value={4}
    >
      4
    </option>
    <option
      value={5}
    >
      5
    </option>
    <option
      value={6}
    >
      6
    </option>
    <option
      value={7}
    >
      7
    </option>
    <option
      value={8}
    >
      8
    </option>
    <option
      value={9}
    >
      9
    </option>
    <option
      value={10}
    >
      10
    </option>
    <option
      value={11}
    >
      11
    </option>
    <option
      value={12}
    >
      12
    </option>
  </select>
</form>
`;
