// Jest Snapshot v1, https://goo.gl/fbAQLP

exports[`renders without crashing 1`] = `
Array [
  <div
    className="row"
  >
    <div
      className="col"
    >
      <div
        className="my-4 card"
      >
        <img
          className="card-img"
          height="200"
          src="banner.jpg"
        />
        <div
          className="d-flex card-img-overlay"
        >
          <img
            alt="leagueoflegends"
            className="m-auto"
            height={125}
            src="large.png"
            width={320}
          />
        </div>
      </div>
    </div>
  </div>,
  <div
    className="row"
  >
    <div
      className="col-12 col-sm-12 col-md-12 col-lg-6"
    >
      <div
        className="card"
      >
        <div
          className="card-body"
          href="/challenges/678"
          onClick={[Function]}
          style={
            Object {
              "cursor": "pointer",
            }
          }
        >
          <div
            className="row"
          >
            <div
              className="col-md-3"
            >
              <div
                className="h-100 bg-gray-900 card"
              >
                <img
                  className="p-4 m-auto card-img"
                  src="small.png"
                  style={
                    Object {
                      "height": 150,
                      "width": 150,
                    }
                  }
                />
              </div>
            </div>
            <div
              className="col-md-9"
            >
              <div
                className="row"
              >
                <div
                  className="col"
                >
                  <div
                    className="mt-2 pb-2 border-bottom border-primary card-title"
                  >
                    <strong
                      className="text-uppercase"
                    >
                      
                    </strong>
                  </div>
                  <div
                    className="row"
                  >
                    <div
                      className="col"
                    >
                      <dl
                        className="row mb-0"
                      >
                        <dd
                          className="col-5 text-muted"
                        >
                          Game
                        </dd>
                        <dt
                          className="col-7 text-right"
                        >
                          <span
                            className="w-100 badge badge-dark badge-pill"
                          >
                            LeagueOfLegends
                          </span>
                        </dt>
                        <dd
                          className="col-5 text-muted"
                        >
                          Entry fee
                        </dd>
                        <dt
                          className="col-7 text-right"
                        >
                          <span
                            className="w-100 badge badge-dark badge-pill"
                          >
                            <div
                              className="text-center"
                            >
                              <svg
                                aria-hidden="true"
                                className="svg-inline--fa fa-gg fa-w-16 text-primary my-auto"
                                data-icon="gg"
                                data-prefix="fab"
                                focusable="false"
                                role="img"
                                style={Object {}}
                                viewBox="0 0 512 512"
                                xmlns="http://www.w3.org/2000/svg"
                              >
                                <path
                                  d="M179.2 230.4l102.4 102.4-102.4 102.4L0 256 179.2 76.8l44.8 44.8-25.6 25.6-19.2-19.2-128 128 128 128 51.5-51.5-77.1-76.5 25.6-25.6zM332.8 76.8L230.4 179.2l102.4 102.4 25.6-25.6-77.1-76.5 51.5-51.5 128 128-128 128-19.2-19.2-25.6 25.6 44.8 44.8L512 256 332.8 76.8z"
                                  fill="currentColor"
                                  style={Object {}}
                                />
                              </svg>
                              <span>
                                0
                              </span>
                            </div>
                          </span>
                        </dt>
                        <dd
                          className="col-5 text-muted"
                        >
                          State
                        </dd>
                        <dt
                          className="col-7 text-right"
                        >
                          <span
                            className="w-100 badge badge-dark badge-pill"
                          >
                            Inscription
                          </span>
                        </dt>
                        <dd
                          className="col-5 text-muted"
                        >
                          Duration
                        </dd>
                        <dt
                          className="col-7 text-right"
                        >
                          <span
                            className="w-100 badge badge-dark badge-pill"
                          >
                            <span>
                              0 hours
                            </span>
                          </span>
                        </dt>
                      </dl>
                    </div>
                    <div
                      className="col"
                    >
                      <dl
                        className="row mb-0"
                      >
                        <dd
                          className="col-5 text-muted"
                        >
                          Participants
                        </dd>
                        <dt
                          className="col-7 text-right"
                        >
                          <div
                            className="progress"
                            style={
                              Object {
                                "borderRadius": "10rem",
                              }
                            }
                          >
                            <div
                              aria-valuemax={10}
                              aria-valuemin="0"
                              aria-valuenow={0}
                              className="progress-bar bg-dark"
                              role="progressbar"
                              style={
                                Object {
                                  "width": "0%",
                                }
                              }
                            >
                              0/10
                            </div>
                          </div>
                        </dt>
                        <dd
                          className="col-5 text-muted"
                        >
                          Prize pool
                        </dd>
                        <dt
                          className="col-7 text-right"
                        >
                          <span
                            className="w-100 badge badge-dark badge-pill"
                          >
                            <div
                              className="text-center"
                            >
                              <svg
                                aria-hidden="true"
                                className="svg-inline--fa fa-gg fa-w-16 text-primary my-auto"
                                data-icon="gg"
                                data-prefix="fab"
                                focusable="false"
                                role="img"
                                style={Object {}}
                                viewBox="0 0 512 512"
                                xmlns="http://www.w3.org/2000/svg"
                              >
                                <path
                                  d="M179.2 230.4l102.4 102.4-102.4 102.4L0 256 179.2 76.8l44.8 44.8-25.6 25.6-19.2-19.2-128 128 128 128 51.5-51.5-77.1-76.5 25.6-25.6zM332.8 76.8L230.4 179.2l102.4 102.4 25.6-25.6-77.1-76.5 51.5-51.5 128 128-128 128-19.2-19.2-25.6 25.6 44.8 44.8L512 256 332.8 76.8z"
                                  fill="currentColor"
                                  style={Object {}}
                                />
                              </svg>
                              <span>
                                200,000
                              </span>
                            </div>
                          </span>
                        </dt>
                        <dd
                          className="col-5 text-muted"
                        >
                          Best of
                        </dd>
                        <dt
                          className="col-7 text-right"
                        >
                          <span
                            className="w-100 badge badge-dark badge-pill"
                          >
                            3
                          </span>
                        </dt>
                      </dl>
                    </div>
                  </div>
                </div>
              </div>
            </div>
          </div>
        </div>
      </div>
    </div>
  </div>,
]
`;
