// Jest Snapshot v1, https://goo.gl/fbAQLP

exports[`renders without crashing 1`] = `
<div
  className="d-flex flex-column position-relative"
  style={
    Object {
      "right": "50px",
    }
  }
>
  <span
    className="btn bg-primary text-light mt-2 rounded-0"
    style={
      Object {
        "width": "200px",
      }
    }
  >
    <strong>
      Timeline
    </strong>
  </span>
  <span
    className="btn bg-secondary text-light mt-2 rounded-0"
    style={
      Object {
        "width": "200px",
      }
    }
    title="Inscription"
  >
    <time
      dateTime={"2009-01-06T08:40:31.000Z"}
    >
      Jan 6, 2009 3:40 AM
    </time>
  </span>
  <span
    className="btn bg-secondary text-light mt-2 rounded-0"
    style={
      Object {
        "width": "200px",
      }
    }
    title="Started"
  >
    <span>
      --
    </span>
  </span>
  <span
    className="btn bg-secondary text-light mt-2 rounded-0"
    style={
      Object {
        "width": "200px",
      }
    }
    title="Ended"
  >
    <span>
      --
    </span>
  </span>
  <span
    className="btn bg-secondary text-light mt-2 rounded-0"
    style={
      Object {
        "width": "200px",
      }
    }
    title="Closed"
  >
    <span>
      --
    </span>
  </span>
</div>
`;
