// Jest Snapshot v1, https://goo.gl/fbAQLP

exports[`renders correctly 1`] = `
<form
  className="h-100"
  onSubmit={[Function]}
>
  <button
    aria-label={null}
    className="text-uppercase h-100 w-100 btn btn-primary btn-lg"
    disabled={null}
    onClick={[Function]}
    type="submit"
  >
    REGISTER
  </button>
</form>
`;
