// Jest Snapshot v1, https://goo.gl/fbAQLP

exports[`renders correctly 1`] = `
<form
  className="mt-3"
  onSubmit={[Function]}
>
  <label
    className=""
  >
    Are you sure you want to decline this invitation?
  </label>
  <div
    className="mb-0 form-group"
  >
    <button
      aria-label={null}
      className="mr-2 btn btn-primary btn-sm"
      onClick={[Function]}
      style={
        Object {
          "width": "75px",
        }
      }
      type="submit"
    >
      Save
    </button>
    <button
      aria-label={null}
      className="btn btn-outline-primary btn-sm"
      onClick={[Function]}
      style={
        Object {
          "width": "75px",
        }
      }
      type="button"
    >
      Cancel
    </button>
  </div>
</form>
`;
