// Jest Snapshot v1, https://goo.gl/fbAQLP

exports[`renders correctly 1`] = `
<form
  className=""
  onSubmit={[Function]}
>
  <label
    className="mb-3"
  >
    Are you sure you want to delete this payment method?
  </label>
  <div
    className="mb-0 form-group"
  >
    <button
      aria-label={null}
      className="mr-2 btn btn-primary btn-sm"
      onClick={[Function]}
      style={
        Object {
          "width": "75px",
        }
      }
      type={0}
    >
      Yes
    </button>
    <button
      aria-label={null}
      className="btn btn-secondary btn-sm"
      onClick={[Function]}
      style={
        Object {
          "width": "75px",
        }
      }
      type="button"
    >
      No
    </button>
  </div>
</form>
`;
