// Jest Snapshot v1, https://goo.gl/fbAQLP

exports[`renders without crashing 1`] = `
<div
  className={null}
>
  © 
  2020
   eDoxa - All rights reserved.
  <span
    className="mx-2"
  >
    |
  </span>
  <a
    href="/legal/terms-of-use"
    onClick={[Function]}
  >
    Terms of Use
  </a>
  <span
    className="mx-2"
  >
    |
  </span>
  <a
    href="/legal/privacy-policy"
    onClick={[Function]}
  >
    Privacy Policy
  </a>
</div>
`;
