// Jest Snapshot v1, https://goo.gl/fbAQLP

exports[`renders without crashing 1`] = `
<div
  className="ml-auto"
>
  © 
  2020
   eDoxa - All rights reserved.
  <span
    className="mx-2"
  >
    |
  </span>
  <span
    className=""
    href="/terms-of-services"
    onClick={[Function]}
  >
    Terms of Services
  </span>
</div>
`;
